###############################################################################
#
# IAR ELF Linker V7.60.2.11341/W32 for ARM                14/Oct/2016  15:31:52
# Copyright 2007-2016 IAR Systems AB.
#
#    Output file  =  
#        C:\Users\masta\Documents\IAR
#        Workbench\Projects\LED_Blink\EWARM\Debug\Exe\LED_Blink.out
#    Map file     =  
#        C:\Users\masta\Documents\IAR
#        Workbench\Projects\LED_Blink\EWARM\Debug\List\LED_Blink.map
#    Command line =  
#        "C:\Users\masta\Documents\IAR
#        Workbench\Projects\LED_Blink\EWARM\Debug\Obj\main.o"
#        "C:\Users\masta\Documents\IAR
#        Workbench\Projects\LED_Blink\EWARM\Debug\Obj\misc.o"
#        "C:\Users\masta\Documents\IAR
#        Workbench\Projects\LED_Blink\EWARM\Debug\Obj\startup_stm32f401xx.o"
#        "C:\Users\masta\Documents\IAR
#        Workbench\Projects\LED_Blink\EWARM\Debug\Obj\stm32f4xx_gpio.o"
#        "C:\Users\masta\Documents\IAR
#        Workbench\Projects\LED_Blink\EWARM\Debug\Obj\stm32f4xx_rcc.o"
#        "C:\Users\masta\Documents\IAR
#        Workbench\Projects\LED_Blink\EWARM\Debug\Obj\system_stm32f4xx.o" -o
#        "C:\Users\masta\Documents\IAR
#        Workbench\Projects\LED_Blink\EWARM\Debug\Exe\LED_Blink.out" --redirect
#        _Printf=_PrintfFull --redirect _Scanf=_ScanfFull --map
#        "C:\Users\masta\Documents\IAR
#        Workbench\Projects\LED_Blink\EWARM\Debug\List\LED_Blink.map" --config
#        "C:\Users\masta\Documents\IAR
#        Workbench\Projects\LED_Blink\EWARM\stm32f401xe_flash.icf"
#        --semihosting --entry __iar_program_start --vfe
#
###############################################################################

*******************************************************************************
*** RUNTIME MODEL ATTRIBUTES
***

CppFlavor       = *
__SystemLibrary = DLib


*******************************************************************************
*** PLACEMENT SUMMARY
***

"A1":  place at 0x08000000 { ro section .intvec };
"P1":  place in [from 0x08000000 to 0x0807ffff] { ro };
"P2":  place in [from 0x20000000 to 0x20017fff] { rw, block CSTACK, block HEAP };

  Section   Kind        Address   Size  Object
  -------   ----        -------   ----  ------
"A1":                            0x194
  .intvec   ro code  0x08000000  0x194  startup_stm32f401xx.o [1]
                   - 0x08000194  0x194

"P1":                            0x414
  .text     ro code  0x08000194  0x140  system_stm32f4xx.o [1]
  .text     ro code  0x080002d4   0xac  stm32f4xx_gpio.o [1]
  .text     ro code  0x08000380   0xa0  main.o [1]
  .text     ro code  0x08000420   0x24  stm32f4xx_rcc.o [1]
  .text     ro code  0x08000444   0x1a  cmain.o [4]
  .text     ro code  0x0800045e    0x4  low_level_init.o [3]
  .text     ro code  0x08000462    0x4  exit.o [3]
  .text     ro code  0x08000468    0xa  cexit.o [4]
  .text     ro code  0x08000474   0x14  exit.o [5]
  .text     ro code  0x08000488   0x10  startup_stm32f401xx.o [1]
  .text     ro code  0x08000498    0xc  cstartup_M.o [4]
  .text     ro code  0x080004a4    0x4  startup_stm32f401xx.o [1]
  .text     ro code  0x080004a8    0x4  startup_stm32f401xx.o [1]
  .text     ro code  0x080004ac    0x4  startup_stm32f401xx.o [1]
  .text     ro code  0x080004b0    0x4  startup_stm32f401xx.o [1]
  .text     ro code  0x080004b4    0x4  startup_stm32f401xx.o [1]
  .text     ro code  0x080004b8    0x4  startup_stm32f401xx.o [1]
  .text     ro code  0x080004bc    0x4  startup_stm32f401xx.o [1]
  .text     ro code  0x080004c0    0x4  startup_stm32f401xx.o [1]
  .text     ro code  0x080004c4    0x4  startup_stm32f401xx.o [1]
  .text     ro code  0x080004c8    0x4  startup_stm32f401xx.o [1]
  .text     ro code  0x080004cc    0x4  startup_stm32f401xx.o [1]
  .text     ro code  0x080004d0    0x4  startup_stm32f401xx.o [1]
  .text     ro code  0x080004d4    0x4  startup_stm32f401xx.o [1]
  .text     ro code  0x080004d8    0x4  startup_stm32f401xx.o [1]
  .text     ro code  0x080004dc    0x4  startup_stm32f401xx.o [1]
  .text     ro code  0x080004e0    0x4  startup_stm32f401xx.o [1]
  .text     ro code  0x080004e4    0x4  startup_stm32f401xx.o [1]
  .text     ro code  0x080004e8    0x4  startup_stm32f401xx.o [1]
  .text     ro code  0x080004ec    0x4  startup_stm32f401xx.o [1]
  .text     ro code  0x080004f0    0x4  startup_stm32f401xx.o [1]
  .text     ro code  0x080004f4    0x4  startup_stm32f401xx.o [1]
  .text     ro code  0x080004f8    0x4  startup_stm32f401xx.o [1]
  .text     ro code  0x080004fc    0x4  startup_stm32f401xx.o [1]
  .text     ro code  0x08000500    0x4  startup_stm32f401xx.o [1]
  .text     ro code  0x08000504    0x4  startup_stm32f401xx.o [1]
  .text     ro code  0x08000508    0x4  startup_stm32f401xx.o [1]
  .text     ro code  0x0800050c    0x4  startup_stm32f401xx.o [1]
  .text     ro code  0x08000510    0x4  startup_stm32f401xx.o [1]
  .text     ro code  0x08000514    0x4  startup_stm32f401xx.o [1]
  .text     ro code  0x08000518    0x4  startup_stm32f401xx.o [1]
  .text     ro code  0x0800051c    0x4  startup_stm32f401xx.o [1]
  .text     ro code  0x08000520    0x4  startup_stm32f401xx.o [1]
  .text     ro code  0x08000524    0x4  startup_stm32f401xx.o [1]
  .text     ro code  0x08000528    0x4  startup_stm32f401xx.o [1]
  .text     ro code  0x0800052c    0x4  startup_stm32f401xx.o [1]
  .text     ro code  0x08000530    0x4  startup_stm32f401xx.o [1]
  .text     ro code  0x08000534    0x4  startup_stm32f401xx.o [1]
  .text     ro code  0x08000538    0x4  startup_stm32f401xx.o [1]
  .text     ro code  0x0800053c    0x4  startup_stm32f401xx.o [1]
  .text     ro code  0x08000540    0x4  startup_stm32f401xx.o [1]
  .text     ro code  0x08000544    0x4  startup_stm32f401xx.o [1]
  .text     ro code  0x08000548    0x4  startup_stm32f401xx.o [1]
  .text     ro code  0x0800054c    0x4  startup_stm32f401xx.o [1]
  .text     ro code  0x08000550    0x4  startup_stm32f401xx.o [1]
  .text     ro code  0x08000554    0x4  startup_stm32f401xx.o [1]
  .text     ro code  0x08000558    0x4  startup_stm32f401xx.o [1]
  .text     ro code  0x0800055c    0x4  startup_stm32f401xx.o [1]
  .text     ro code  0x08000560    0x4  startup_stm32f401xx.o [1]
  .text     ro code  0x08000564    0x4  startup_stm32f401xx.o [1]
  .text     ro code  0x08000568    0x4  startup_stm32f401xx.o [1]
  .text     ro code  0x0800056c    0x4  startup_stm32f401xx.o [1]
  .text     ro code  0x08000570    0x4  startup_stm32f401xx.o [1]
  .text     ro code  0x08000574    0x4  startup_stm32f401xx.o [1]
  .text     ro code  0x08000578    0x4  startup_stm32f401xx.o [1]
  .text     ro code  0x0800057c    0x4  startup_stm32f401xx.o [1]
  .text     ro code  0x08000580    0x4  startup_stm32f401xx.o [1]
  .text     ro code  0x08000584    0x4  startup_stm32f401xx.o [1]
  .text     ro code  0x08000588    0x4  startup_stm32f401xx.o [1]
  .text     ro code  0x0800058c    0x4  startup_stm32f401xx.o [1]
  .text     ro code  0x08000590    0x4  startup_stm32f401xx.o [1]
  .text     ro code  0x08000594    0x4  startup_stm32f401xx.o [1]
  .text     ro code  0x08000598    0x4  startup_stm32f401xx.o [1]
  .text     ro code  0x0800059c    0x4  startup_stm32f401xx.o [1]
  .text     ro code  0x080005a0    0x4  startup_stm32f401xx.o [1]
  .text     ro code  0x080005a4    0x4  startup_stm32f401xx.o [1]
                   - 0x080005a8  0x414

"P2":                            0x400
  CSTACK             0x20000000  0x400  <Block>
    CSTACK  uninit   0x20000000  0x400  <Block tail>
                   - 0x20000400  0x400



*******************************************************************************
*** MODULE SUMMARY
***

    Module                 ro code  rw data
    ------                 -------  -------
C:\Users\masta\Documents\IAR Workbench\Projects\LED_Blink\EWARM\Debug\Obj: [1]
    main.o                     160
    startup_stm32f401xx.o      680
    stm32f4xx_gpio.o           172
    stm32f4xx_rcc.o             36
    system_stm32f4xx.o         320
    ---------------------------------------
    Total:                   1 368

command line: [2]
    ---------------------------------------
    Total:

dl7M_tln.a: [3]
    exit.o                       4
    low_level_init.o             4
    ---------------------------------------
    Total:                       8

rt7M_tl.a: [4]
    cexit.o                     10
    cmain.o                     26
    cstartup_M.o                12
    ---------------------------------------
    Total:                      48

shb_l.a: [5]
    exit.o                      20
    ---------------------------------------
    Total:                      20

    Gaps                         4
    Linker created                    1 024
-------------------------------------------
    Grand Total:             1 448    1 024


*******************************************************************************
*** ENTRY LIST
***

Entry                      Address  Size  Type      Object
-----                      -------  ----  ----      ------
?main                   0x08000445        Code  Gb  cmain.o [4]
CSTACK$$Base            0x20000000         --   Gb  - Linker created -
CSTACK$$Limit           0x20000400         --   Gb  - Linker created -
GPIO_Init               0x080002d5  0xa4  Code  Gb  stm32f4xx_gpio.o [1]
GPIO_ResetBits          0x0800037d   0x4  Code  Gb  stm32f4xx_gpio.o [1]
GPIO_SetBits            0x08000379   0x4  Code  Gb  stm32f4xx_gpio.o [1]
RCC_AHB1PeriphClockCmd  0x08000421  0x20  Code  Gb  stm32f4xx_rcc.o [1]
Region$$Table$$Base     0x00000000         --   Gb  - Linker created -
Region$$Table$$Limit    0x00000000         --   Gb  - Linker created -
SetSysClock             0x080001db  0xca  Code  Lc  system_stm32f4xx.o [1]
SystemInit              0x08000195  0x46  Code  Gb  system_stm32f4xx.o [1]
__cmain                 0x08000445        Code  Gb  cmain.o [4]
__exit                  0x08000475  0x14  Code  Gb  exit.o [5]
__iar_program_start     0x08000499        Code  Gb  cstartup_M.o [4]
__low_level_init        0x0800045f   0x4  Code  Gb  low_level_init.o [3]
__vector_table          0x08000000        Data  Gb  startup_stm32f401xx.o [1]
_call_main              0x08000451        Code  Gb  cmain.o [4]
_exit                   0x08000469        Code  Gb  cexit.o [4]
_main                   0x0800045b        Code  Gb  cmain.o [4]
exit                    0x08000463   0x4  Code  Gb  exit.o [3]
main                    0x08000381  0xa0  Code  Gb  main.o [1]


[1] = C:\Users\masta\Documents\IAR Workbench\Projects\LED_Blink\EWARM\Debug\Obj
[2] = command line
[3] = dl7M_tln.a
[4] = rt7M_tl.a
[5] = shb_l.a

  1 448 bytes of readonly  code memory
  1 024 bytes of readwrite data memory

Errors: none
Warnings: none
