###############################################################################
#
# IAR ELF Linker V7.60.2.11341/W32 for ARM                25/Nov/2016  10:58:12
# Copyright 2007-2016 IAR Systems AB.
#
#    Output file  =  
#        C:\Users\masta\Documents\IAR
#        Workbench\Projects\8_Switch_STM32L1xx\EWARM\Debug\Exe\Switch_STM32L1xx.out
#    Map file     =  
#        C:\Users\masta\Documents\IAR
#        Workbench\Projects\8_Switch_STM32L1xx\EWARM\Debug\List\Switch_STM32L1xx.map
#    Command line =  
#        "C:\Users\masta\Documents\IAR
#        Workbench\Projects\8_Switch_STM32L1xx\EWARM\Debug\Obj\main.o"
#        "C:\Users\masta\Documents\IAR
#        Workbench\Projects\8_Switch_STM32L1xx\EWARM\Debug\Obj\misc.o"
#        "C:\Users\masta\Documents\IAR
#        Workbench\Projects\8_Switch_STM32L1xx\EWARM\Debug\Obj\startup_stm32l1xx_xl.o"
#        "C:\Users\masta\Documents\IAR
#        Workbench\Projects\8_Switch_STM32L1xx\EWARM\Debug\Obj\stm32l1xx_gpio.o"
#        "C:\Users\masta\Documents\IAR
#        Workbench\Projects\8_Switch_STM32L1xx\EWARM\Debug\Obj\stm32l1xx_rcc.o"
#        "C:\Users\masta\Documents\IAR
#        Workbench\Projects\8_Switch_STM32L1xx\EWARM\Debug\Obj\system_stm32l1xx.o"
#        -o "C:\Users\masta\Documents\IAR
#        Workbench\Projects\8_Switch_STM32L1xx\EWARM\Debug\Exe\Switch_STM32L1xx.out"
#        --map "C:\Users\masta\Documents\IAR
#        Workbench\Projects\8_Switch_STM32L1xx\EWARM\Debug\List\Switch_STM32L1xx.map"
#        --config "C:\Users\masta\Documents\IAR
#        Workbench\Projects\8_Switch_STM32L1xx\EWARM\stm32l1xx_flash.icf"
#        --semihosting --entry __iar_program_start --vfe
#
###############################################################################

*******************************************************************************
*** RUNTIME MODEL ATTRIBUTES
***

CppFlavor       = *
__SystemLibrary = DLib


*******************************************************************************
*** PLACEMENT SUMMARY
***

"A1":  place at 0x08000000 { ro section .intvec };
"P1":  place in [from 0x08000000 to 0x0807ffff] { ro };
"P2":  place in [from 0x20000000 to 0x20013fff] { rw, block CSTACK, block HEAP };

  Section   Kind        Address   Size  Object
  -------   ----        -------   ----  ------
"A1":                            0x124
  .intvec   ro code  0x08000000  0x124  startup_stm32l1xx_xl.o [1]
                   - 0x08000124  0x124

"P1":                            0x2dc
  .text     ro code  0x08000124  0x174  system_stm32l1xx.o [1]
  .text     ro code  0x08000298   0x1a  cmain.o [4]
  .text     ro code  0x080002b2    0x4  low_level_init.o [3]
  .text     ro code  0x080002b6    0x4  main.o [1]
  .text     ro code  0x080002ba    0x4  exit.o [3]
  .text     ro code  0x080002c0    0xa  cexit.o [4]
  .text     ro code  0x080002cc   0x14  exit.o [5]
  .text     ro code  0x080002e0   0x10  startup_stm32l1xx_xl.o [1]
  .text     ro code  0x080002f0    0xc  cstartup_M.o [4]
  .text     ro code  0x080002fc    0x4  startup_stm32l1xx_xl.o [1]
  .text     ro code  0x08000300    0x4  startup_stm32l1xx_xl.o [1]
  .text     ro code  0x08000304    0x4  startup_stm32l1xx_xl.o [1]
  .text     ro code  0x08000308    0x4  startup_stm32l1xx_xl.o [1]
  .text     ro code  0x0800030c    0x4  startup_stm32l1xx_xl.o [1]
  .text     ro code  0x08000310    0x4  startup_stm32l1xx_xl.o [1]
  .text     ro code  0x08000314    0x4  startup_stm32l1xx_xl.o [1]
  .text     ro code  0x08000318    0x4  startup_stm32l1xx_xl.o [1]
  .text     ro code  0x0800031c    0x4  startup_stm32l1xx_xl.o [1]
  .text     ro code  0x08000320    0x4  startup_stm32l1xx_xl.o [1]
  .text     ro code  0x08000324    0x4  startup_stm32l1xx_xl.o [1]
  .text     ro code  0x08000328    0x4  startup_stm32l1xx_xl.o [1]
  .text     ro code  0x0800032c    0x4  startup_stm32l1xx_xl.o [1]
  .text     ro code  0x08000330    0x4  startup_stm32l1xx_xl.o [1]
  .text     ro code  0x08000334    0x4  startup_stm32l1xx_xl.o [1]
  .text     ro code  0x08000338    0x4  startup_stm32l1xx_xl.o [1]
  .text     ro code  0x0800033c    0x4  startup_stm32l1xx_xl.o [1]
  .text     ro code  0x08000340    0x4  startup_stm32l1xx_xl.o [1]
  .text     ro code  0x08000344    0x4  startup_stm32l1xx_xl.o [1]
  .text     ro code  0x08000348    0x4  startup_stm32l1xx_xl.o [1]
  .text     ro code  0x0800034c    0x4  startup_stm32l1xx_xl.o [1]
  .text     ro code  0x08000350    0x4  startup_stm32l1xx_xl.o [1]
  .text     ro code  0x08000354    0x4  startup_stm32l1xx_xl.o [1]
  .text     ro code  0x08000358    0x4  startup_stm32l1xx_xl.o [1]
  .text     ro code  0x0800035c    0x4  startup_stm32l1xx_xl.o [1]
  .text     ro code  0x08000360    0x4  startup_stm32l1xx_xl.o [1]
  .text     ro code  0x08000364    0x4  startup_stm32l1xx_xl.o [1]
  .text     ro code  0x08000368    0x4  startup_stm32l1xx_xl.o [1]
  .text     ro code  0x0800036c    0x4  startup_stm32l1xx_xl.o [1]
  .text     ro code  0x08000370    0x4  startup_stm32l1xx_xl.o [1]
  .text     ro code  0x08000374    0x4  startup_stm32l1xx_xl.o [1]
  .text     ro code  0x08000378    0x4  startup_stm32l1xx_xl.o [1]
  .text     ro code  0x0800037c    0x4  startup_stm32l1xx_xl.o [1]
  .text     ro code  0x08000380    0x4  startup_stm32l1xx_xl.o [1]
  .text     ro code  0x08000384    0x4  startup_stm32l1xx_xl.o [1]
  .text     ro code  0x08000388    0x4  startup_stm32l1xx_xl.o [1]
  .text     ro code  0x0800038c    0x4  startup_stm32l1xx_xl.o [1]
  .text     ro code  0x08000390    0x4  startup_stm32l1xx_xl.o [1]
  .text     ro code  0x08000394    0x4  startup_stm32l1xx_xl.o [1]
  .text     ro code  0x08000398    0x4  startup_stm32l1xx_xl.o [1]
  .text     ro code  0x0800039c    0x4  startup_stm32l1xx_xl.o [1]
  .text     ro code  0x080003a0    0x4  startup_stm32l1xx_xl.o [1]
  .text     ro code  0x080003a4    0x4  startup_stm32l1xx_xl.o [1]
  .text     ro code  0x080003a8    0x4  startup_stm32l1xx_xl.o [1]
  .text     ro code  0x080003ac    0x4  startup_stm32l1xx_xl.o [1]
  .text     ro code  0x080003b0    0x4  startup_stm32l1xx_xl.o [1]
  .text     ro code  0x080003b4    0x4  startup_stm32l1xx_xl.o [1]
  .text     ro code  0x080003b8    0x4  startup_stm32l1xx_xl.o [1]
  .text     ro code  0x080003bc    0x4  startup_stm32l1xx_xl.o [1]
  .text     ro code  0x080003c0    0x4  startup_stm32l1xx_xl.o [1]
  .text     ro code  0x080003c4    0x4  startup_stm32l1xx_xl.o [1]
  .text     ro code  0x080003c8    0x4  startup_stm32l1xx_xl.o [1]
  .text     ro code  0x080003cc    0x4  startup_stm32l1xx_xl.o [1]
  .text     ro code  0x080003d0    0x4  startup_stm32l1xx_xl.o [1]
  .text     ro code  0x080003d4    0x4  startup_stm32l1xx_xl.o [1]
  .text     ro code  0x080003d8    0x4  startup_stm32l1xx_xl.o [1]
  .text     ro code  0x080003dc    0x4  startup_stm32l1xx_xl.o [1]
  .text     ro code  0x080003e0    0x4  startup_stm32l1xx_xl.o [1]
  .text     ro code  0x080003e4    0x4  startup_stm32l1xx_xl.o [1]
  .text     ro code  0x080003e8    0x4  startup_stm32l1xx_xl.o [1]
  .text     ro code  0x080003ec    0x4  startup_stm32l1xx_xl.o [1]
  .text     ro code  0x080003f0    0x4  startup_stm32l1xx_xl.o [1]
  .text     ro code  0x080003f4    0x4  startup_stm32l1xx_xl.o [1]
  .text     ro code  0x080003f8    0x4  startup_stm32l1xx_xl.o [1]
  .text     ro code  0x080003fc    0x4  startup_stm32l1xx_xl.o [1]
                   - 0x08000400  0x2dc

"P2":                            0x400
  CSTACK             0x20000000  0x400  <Block>
    CSTACK  uninit   0x20000000  0x400  <Block tail>
                   - 0x20000400  0x400



*******************************************************************************
*** MODULE SUMMARY
***

    Module                  ro code  rw data
    ------                  -------  -------
C:\Users\masta\Documents\IAR Workbench\Projects\8_Switch_STM32L1xx\EWARM\Debug\Obj: [1]
    main.o                        4
    startup_stm32l1xx_xl.o      568
    system_stm32l1xx.o          372
    ----------------------------------------
    Total:                      944

command line: [2]
    ----------------------------------------
    Total:

dl7M_tln.a: [3]
    exit.o                        4
    low_level_init.o              4
    ----------------------------------------
    Total:                        8

rt7M_tl.a: [4]
    cexit.o                      10
    cmain.o                      26
    cstartup_M.o                 12
    ----------------------------------------
    Total:                       48

shb_l.a: [5]
    exit.o                       20
    ----------------------------------------
    Total:                       20

    Gaps                          4
    Linker created                     1 024
--------------------------------------------
    Grand Total:              1 024    1 024


*******************************************************************************
*** ENTRY LIST
***

Entry                    Address  Size  Type      Object
-----                    -------  ----  ----      ------
?main                 0x08000299        Code  Gb  cmain.o [4]
CSTACK$$Base          0x20000000         --   Gb  - Linker created -
CSTACK$$Limit         0x20000400         --   Gb  - Linker created -
Region$$Table$$Base   0x00000000         --   Gb  - Linker created -
Region$$Table$$Limit  0x00000000         --   Gb  - Linker created -
SetSysClock           0x08000177  0xf8  Code  Lc  system_stm32l1xx.o [1]
SystemInit            0x08000125  0x52  Code  Gb  system_stm32l1xx.o [1]
__cmain               0x08000299        Code  Gb  cmain.o [4]
__exit                0x080002cd  0x14  Code  Gb  exit.o [5]
__iar_program_start   0x080002f1        Code  Gb  cstartup_M.o [4]
__low_level_init      0x080002b3   0x4  Code  Gb  low_level_init.o [3]
__vector_table        0x08000000        Data  Gb  startup_stm32l1xx_xl.o [1]
_call_main            0x080002a5        Code  Gb  cmain.o [4]
_exit                 0x080002c1        Code  Gb  cexit.o [4]
_main                 0x080002af        Code  Gb  cmain.o [4]
exit                  0x080002bb   0x4  Code  Gb  exit.o [3]
main                  0x080002b7   0x4  Code  Gb  main.o [1]


[1] = C:\Users\masta\Documents\IAR Workbench\Projects\8_Switch_STM32L1xx\EWARM\Debug\Obj
[2] = command line
[3] = dl7M_tln.a
[4] = rt7M_tl.a
[5] = shb_l.a

  1 024 bytes of readonly  code memory
  1 024 bytes of readwrite data memory

Errors: none
Warnings: none
